2022 rankings page 1: 50 rows
2022 rankings page 2: 50 rows
2022 rankings page 3: 50 rows
2022 rankings page 4: 50 rows
2022 rankings page 5: 50 rows
2022 rankings page 6: 50 rows
2022 rankings page 7: 50 rows
2022 rankings page 8: 50 rows
2022 rankings page 9: 50 rows
2022 rankings page 10: 50 rows
2022 rankings page 11: 50 rows
2022 rankings page 12: 50 rows
2022 rankings page 13: 50 rows
2022 rankings page 14: 50 rows
2022 rankings page 15: 50 rows
2022 rankings page 16: 50 rows
2022 rankings page 17: 50 rows
2022 rankings page 18: 50 rows
2022 rankings page 19: 50 rows
2022 rankings page 20: 50 rows
2022 rankings page 21: 50 rows
2022 rankings page 22: 50 rows
2022 rankings page 23: 50 rows
2022 rankings page 24: 50 rows
2022 rankings page 25: 50 rows
2022 rankings page 26: 50 rows
2022 rankings page 27: 50 rows
2022 rankings page 28: 50 rows
2022 rankings page 29: 50 rows
2022 rankings page 30: 50 rows
2022 rankings page 31: 50 rows
2022 rankings page 32: 50 rows
2022 rankings page 33: 50 rows
2022 rankings page 34: 50 rows
2022 rankings page 35: 50 rows
2022 rankings page 36: 50 rows
2022 rankings page 37: 50 rows
2022 rankings page 38: 50 rows
2022 rankings page 39: 50 rows
2022 rankings page 40: 50 rows
2022 rankings page 41: 50 rows
2022 rankings page 42: 50 rows
2022 rankings page 43: 50 rows
2022 rankings page 44: 50 rows
2022 rankings page 45: 50 rows
2022 rankings page 46: 50 rows
2022 rankings page 47: 50 rows
2022 rankings page 48: 50 rows
2022 rankings page 49: 50 rows
2022 rankings page 50: 50 rows
2022 rankings page 51: 50 rows
2022 rankings page 52: 50 rows
2022 rankings page 53: 50 rows
2022 rankings page 54: 50 rows
2022 rankings page 55: 50 rows
2022 rankings page 56: 50 rows
2022 rankings page 57: 50 rows
2022 rankings page 58: 50 rows
2022 rankings page 59: 50 rows
2022 rankings page 60: 50 rows
2022 rankings page 61: 50 rows
2022 rankings page 62: 50 rows
2022 rankings page 63: 50 rows
2022 rankings page 64: 50 rows
2022 rankings page 65: 50 rows
2022 rankings page 66: 50 rows
2022 rankings page 67: 50 rows
2022 rankings page 68: 14 rows
2022 rankings page 69: 0 rows
2023 rankings page 1: 50 rows
2023 rankings page 2: 50 rows
2023 rankings page 3: 50 rows
2023 rankings page 4: 50 rows
2023 rankings page 5: 50 rows
2023 rankings page 6: 50 rows
2023 rankings page 7: 50 rows
2023 rankings page 8: 50 rows
2023 rankings page 9: 50 rows
2023 rankings page 10: 50 rows
2023 rankings page 11: 50 rows
2023 rankings page 12: 50 rows
2023 rankings page 13: 50 rows
2023 rankings page 14: 50 rows
2023 rankings page 15: 50 rows
2023 rankings page 16: 50 rows
2023 rankings page 17: 50 rows
2023 rankings page 18: 50 rows
2023 rankings page 19: 50 rows
2023 rankings page 20: 50 rows
2023 rankings page 21: 50 rows
2023 rankings page 22: 50 rows
2023 rankings page 23: 50 rows
2023 rankings page 24: 50 rows
2023 rankings page 25: 50 rows
2023 rankings page 26: 50 rows
2023 rankings page 27: 50 rows
2023 rankings page 28: 50 rows
2023 rankings page 29: 50 rows
2023 rankings page 30: 50 rows
2023 rankings page 31: 50 rows
2023 rankings page 32: 50 rows
2023 rankings page 33: 50 rows
2023 rankings page 34: 50 rows
2023 rankings page 35: 50 rows
2023 rankings page 36: 50 rows
2023 rankings page 37: 50 rows
2023 rankings page 38: 50 rows
2023 rankings page 39: 50 rows
2023 rankings page 40: 50 rows
2023 rankings page 41: 50 rows
2023 rankings page 42: 50 rows
2023 rankings page 43: 50 rows
2023 rankings page 44: 50 rows
2023 rankings page 45: 50 rows
2023 rankings page 46: 50 rows
2023 rankings page 47: 50 rows
2023 rankings page 48: 50 rows
2023 rankings page 49: 50 rows
2023 rankings page 50: 50 rows
2023 rankings page 51: 50 rows
2023 rankings page 52: 50 rows
2023 rankings page 53: 50 rows
2023 rankings page 54: 50 rows
2023 rankings page 55: 50 rows
2023 rankings page 56: 50 rows
2023 rankings page 57: 50 rows
2023 rankings page 58: 50 rows
2023 rankings page 59: 50 rows
2023 rankings page 60: 50 rows
2023 rankings page 61: 50 rows
2023 rankings page 62: 50 rows
2023 rankings page 63: 50 rows
2023 rankings page 64: 50 rows
2023 rankings page 65: 50 rows
2023 rankings page 66: 50 rows
2023 rankings page 67: 50 rows
2023 rankings page 68: 50 rows
2023 rankings page 69: 50 rows
2023 rankings page 70: 4 rows
2023 rankings page 71: 0 rows
2024 rankings page 1: 50 rows
2024 rankings page 2: 50 rows
2024 rankings page 3: 50 rows
2024 rankings page 4: 50 rows
2024 rankings page 5: 50 rows
2024 rankings page 6: 50 rows
2024 rankings page 7: 50 rows
2024 rankings page 8: 50 rows
2024 rankings page 9: 50 rows
2024 rankings page 10: 50 rows
2024 rankings page 11: 50 rows
2024 rankings page 12: 50 rows
2024 rankings page 13: 50 rows
2024 rankings page 14: 50 rows
2024 rankings page 15: 50 rows
2024 rankings page 16: 50 rows
2024 rankings page 17: 50 rows
2024 rankings page 18: 50 rows
2024 rankings page 19: 50 rows
2024 rankings page 20: 50 rows
2024 rankings page 21: 50 rows
2024 rankings page 22: 50 rows
2024 rankings page 23: 50 rows
2024 rankings page 24: 50 rows
2024 rankings page 25: 50 rows
2024 rankings page 26: 50 rows
2024 rankings page 27: 50 rows
2024 rankings page 28: 50 rows
2024 rankings page 29: 50 rows
2024 rankings page 30: 50 rows
2024 rankings page 31: 50 rows
2024 rankings page 32: 50 rows
2024 rankings page 33: 50 rows
2024 rankings page 34: 50 rows
2024 rankings page 35: 50 rows
2024 rankings page 36: 50 rows
2024 rankings page 37: 50 rows
2024 rankings page 38: 50 rows
2024 rankings page 39: 50 rows
2024 rankings page 40: 50 rows
2024 rankings page 41: 50 rows
2024 rankings page 42: 50 rows
2024 rankings page 43: 50 rows
2024 rankings page 44: 50 rows
2024 rankings page 45: 50 rows
2024 rankings page 46: 50 rows
2024 rankings page 47: 50 rows
2024 rankings page 48: 50 rows
2024 rankings page 49: 50 rows
2024 rankings page 50: 50 rows
2024 rankings page 51: 50 rows
2024 rankings page 52: 50 rows
2024 rankings page 53: 50 rows
2024 rankings page 54: 50 rows
2024 rankings page 55: 50 rows
2024 rankings page 56: 50 rows
2024 rankings page 57: 50 rows
2024 rankings page 58: 50 rows
2024 rankings page 59: 50 rows
2024 rankings page 60: 50 rows
2024 rankings page 61: 50 rows
2024 rankings page 62: 50 rows
2024 rankings page 63: 50 rows
2024 rankings page 64: 50 rows
2024 rankings page 65: 50 rows
2024 rankings page 66: 50 rows
2024 rankings page 67: 50 rows
2024 rankings page 68: 50 rows
2024 rankings page 69: 50 rows
2024 rankings page 70: 50 rows
2024 rankings page 71: 50 rows
2024 rankings page 72: 50 rows
2024 rankings page 73: 50 rows
2024 rankings page 74: 48 rows
2024 rankings page 75: 0 rows
2025 rankings page 1: 50 rows
2025 rankings page 2: 50 rows
2025 rankings page 3: 50 rows
2025 rankings page 4: 50 rows
2025 rankings page 5: 50 rows
2025 rankings page 6: 50 rows
2025 rankings page 7: 50 rows
2025 rankings page 8: 50 rows
2025 rankings page 9: 50 rows
2025 rankings page 10: 50 rows
2025 rankings page 11: 50 rows
2025 rankings page 12: 50 rows
2025 rankings page 13: 50 rows
2025 rankings page 14: 50 rows
2025 rankings page 15: 50 rows
2025 rankings page 16: 50 rows
2025 rankings page 17: 50 rows
2025 rankings page 18: 50 rows
2025 rankings page 19: 50 rows
2025 rankings page 20: 50 rows
2025 rankings page 21: 50 rows
2025 rankings page 22: 50 rows
2025 rankings page 23: 50 rows
2025 rankings page 24: 50 rows
2025 rankings page 25: 50 rows
2025 rankings page 26: 50 rows
2025 rankings page 27: 50 rows
2025 rankings page 28: 50 rows
2025 rankings page 29: 50 rows
2025 rankings page 30: 50 rows
2025 rankings page 31: 50 rows
2025 rankings page 32: 50 rows
2025 rankings page 33: 50 rows
2025 rankings page 34: 50 rows
2025 rankings page 35: 50 rows
2025 rankings page 36: 50 rows
2025 rankings page 37: 50 rows
2025 rankings page 38: 50 rows
2025 rankings page 39: 50 rows
2025 rankings page 40: 50 rows
2025 rankings page 41: 50 rows
2025 rankings page 42: 50 rows
2025 rankings page 43: 50 rows
2025 rankings page 44: 50 rows
2025 rankings page 45: 50 rows
2025 rankings page 46: 50 rows
2025 rankings page 47: 50 rows
2025 rankings page 48: 50 rows
2025 rankings page 49: 50 rows
2025 rankings page 50: 50 rows
2025 rankings page 51: 50 rows
2025 rankings page 52: 50 rows
2025 rankings page 53: 50 rows
2025 rankings page 54: 50 rows
2025 rankings page 55: 50 rows
2025 rankings page 56: 50 rows
2025 rankings page 57: 50 rows
2025 rankings page 58: 50 rows
2025 rankings page 59: 50 rows
2025 rankings page 60: 50 rows
2025 rankings page 61: 50 rows
2025 rankings page 62: 50 rows
2025 rankings page 63: 50 rows
2025 rankings page 64: 50 rows
2025 rankings page 65: 50 rows
2025 rankings page 66: 50 rows
2025 rankings page 67: 50 rows
2025 rankings page 68: 50 rows
2025 rankings page 69: 50 rows
2025 rankings page 70: 50 rows
2025 rankings page 71: 50 rows
2025 rankings page 72: 50 rows
2025 rankings page 73: 47 rows
2025 rankings page 74: 0 rows
2026 rankings page 1: 50 rows
2026 rankings page 2: 50 rows
2026 rankings page 3: 50 rows
2026 rankings page 4: 50 rows
2026 rankings page 5: 50 rows
2026 rankings page 6: 50 rows
2026 rankings page 7: 50 rows
2026 rankings page 8: 50 rows
2026 rankings page 9: 50 rows
2026 rankings page 10: 50 rows
2026 rankings page 11: 50 rows
2026 rankings page 12: 50 rows
2026 rankings page 13: 50 rows
2026 rankings page 14: 50 rows
2026 rankings page 15: 50 rows
2026 rankings page 16: 50 rows
2026 rankings page 17: 50 rows
2026 rankings page 18: 50 rows
2026 rankings page 19: 50 rows
2026 rankings page 20: 50 rows
2026 rankings page 21: 50 rows
2026 rankings page 22: 50 rows
2026 rankings page 23: 50 rows
2026 rankings page 24: 50 rows
2026 rankings page 25: 50 rows
2026 rankings page 26: 50 rows
2026 rankings page 27: 50 rows
2026 rankings page 28: 50 rows
2026 rankings page 29: 50 rows
2026 rankings page 30: 50 rows
2026 rankings page 31: 50 rows
2026 rankings page 32: 50 rows
2026 rankings page 33: 50 rows
2026 rankings page 34: 50 rows
2026 rankings page 35: 50 rows
2026 rankings page 36: 50 rows
2026 rankings page 37: 50 rows
2026 rankings page 38: 50 rows
2026 rankings page 39: 50 rows
2026 rankings page 40: 50 rows
2026 rankings page 41: 50 rows
2026 rankings page 42: 50 rows
2026 rankings page 43: 50 rows
2026 rankings page 44: 50 rows
2026 rankings page 45: 50 rows
2026 rankings page 46: 50 rows
2026 rankings page 47: 50 rows
2026 rankings page 48: 50 rows
2026 rankings page 49: 50 rows
2026 rankings page 50: 50 rows
2026 rankings page 51: 50 rows
2026 rankings page 52: 50 rows
2026 rankings page 53: 50 rows
2026 rankings page 54: 50 rows
2026 rankings page 55: 50 rows
2026 rankings page 56: 50 rows
2026 rankings page 57: 50 rows
2026 rankings page 58: 50 rows
2026 rankings page 59: 50 rows
2026 rankings page 60: 50 rows
2026 rankings page 61: 50 rows
2026 rankings page 62: 50 rows
2026 rankings page 63: 50 rows
2026 rankings page 64: 50 rows
2026 rankings page 65: 50 rows
2026 rankings page 66: 50 rows
2026 rankings page 67: 50 rows
2026 rankings page 68: 48 rows
2026 rankings page 69: 0 rows
recruitment details 100/14841: 100 rows
recruitment details 200/14841: 200 rows
recruitment details 300/14841: 299 rows
recruitment details 400/14841: 399 rows
recruitment details 500/14841: 498 rows
recruitment details 600/14841: 597 rows
recruitment details 700/14841: 695 rows
recruitment details 800/14841: 795 rows
recruitment details 900/14841: 894 rows
recruitment details 1000/14841: 994 rows
recruitment details 1100/14841: 1093 rows
recruitment details 1200/14841: 1192 rows
recruitment details 1300/14841: 1291 rows
recruitment details 1400/14841: 1388 rows
recruitment details 1500/14841: 1477 rows
recruitment details 1600/14841: 1575 rows
recruitment details 1700/14841: 1671 rows
recruitment details 1800/14841: 1770 rows
recruitment details 1900/14841: 1857 rows
recruitment details 2000/14841: 1954 rows
recruitment details 2100/14841: 2045 rows
recruitment details 2200/14841: 2137 rows
recruitment details 2300/14841: 2235 rows
recruitment details 2400/14841: 2325 rows
recruitment details 2500/14841: 2414 rows
recruitment details 2600/14841: 2511 rows
recruitment details 2700/14841: 2611 rows
recruitment details 2800/14841: 2711 rows
recruitment details 2900/14841: 2810 rows
recruitment details 3000/14841: 2910 rows
recruitment details 3100/14841: 3010 rows
recruitment details 3200/14841: 3109 rows
recruitment details 3300/14841: 3207 rows
recruitment details 3400/14841: 3306 rows
recruitment details 3500/14841: 3405 rows
recruitment details 3600/14841: 3504 rows
recruitment details 3700/14841: 3603 rows
recruitment details 3800/14841: 3703 rows
recruitment details 3900/14841: 3800 rows
recruitment details 4000/14841: 3895 rows
recruitment details 4100/14841: 3994 rows
recruitment details 4200/14841: 4090 rows
recruitment details 4300/14841: 4185 rows
recruitment details 4400/14841: 4283 rows
recruitment details 4500/14841: 4382 rows
recruitment details 4600/14841: 4479 rows
recruitment details 4700/14841: 4575 rows
recruitment details 4800/14841: 4673 rows
recruitment details 4900/14841: 4772 rows
recruitment details 5000/14841: 4866 rows
recruitment details 5100/14841: 4961 rows
recruitment details 5200/14841: 5055 rows
recruitment details 5300/14841: 5148 rows
recruitment details 5400/14841: 5246 rows
recruitment details 5500/14841: 5346 rows
recruitment details 5600/14841: 5446 rows
recruitment details 5700/14841: 5546 rows
recruitment details 5800/14841: 5645 rows
recruitment details 5900/14841: 5745 rows
recruitment details 6000/14841: 5845 rows
recruitment details 6100/14841: 5944 rows
recruitment details 6200/14841: 6043 rows
recruitment details 6300/14841: 6143 rows
recruitment details 6400/14841: 6243 rows
recruitment details 6500/14841: 6342 rows
recruitment details 6600/14841: 6436 rows
recruitment details 6700/14841: 6536 rows
recruitment details 6800/14841: 6635 rows
recruitment details 6900/14841: 6735 rows
recruitment details 7000/14841: 6832 rows
recruitment details 7100/14841: 6929 rows
recruitment details 7200/14841: 7028 rows
recruitment details 7300/14841: 7124 rows
recruitment details 7400/14841: 7221 rows
recruitment details 7500/14841: 7316 rows
recruitment details 7600/14841: 7414 rows
recruitment details 7700/14841: 7513 rows
recruitment details 7800/14841: 7609 rows
recruitment details 7900/14841: 7706 rows
recruitment details 8000/14841: 7803 rows
recruitment details 8100/14841: 7896 rows
recruitment details 8200/14841: 7993 rows
recruitment details 8300/14841: 8091 rows
recruitment details 8400/14841: 8186 rows
recruitment details 8500/14841: 8284 rows
recruitment details 8600/14841: 8384 rows
recruitment details 8700/14841: 8484 rows
recruitment details 8800/14841: 8583 rows
recruitment details 8900/14841: 8683 rows
recruitment details 9000/14841: 8782 rows
recruitment details 9100/14841: 8882 rows
recruitment details 9200/14841: 8981 rows
recruitment details 9300/14841: 9081 rows
recruitment details 9400/14841: 9181 rows
recruitment details 9500/14841: 9281 rows
recruitment details 9600/14841: 9381 rows
recruitment details 9700/14841: 9481 rows
recruitment details 9800/14841: 9579 rows
recruitment details 9900/14841: 9677 rows
recruitment details 10000/14841: 9777 rows
recruitment details 10100/14841: 9876 rows
recruitment details 10200/14841: 9975 rows
recruitment details 10300/14841: 10074 rows
recruitment details 10400/14841: 10174 rows
recruitment details 10500/14841: 10272 rows
recruitment details 10600/14841: 10368 rows
recruitment details 10700/14841: 10468 rows
recruitment details 10800/14841: 10567 rows
recruitment details 10900/14841: 10667 rows
recruitment details 11000/14841: 10767 rows
recruitment details 11100/14841: 10865 rows
recruitment details 11200/14841: 10964 rows
recruitment details 11300/14841: 11064 rows
recruitment details 11400/14841: 11161 rows
recruitment details 11500/14841: 11258 rows
recruitment details 11600/14841: 11357 rows
recruitment details 11700/14841: 11456 rows
recruitment details 11800/14841: 11555 rows
recruitment details 11900/14841: 11655 rows
recruitment details 12000/14841: 11755 rows
recruitment details 12100/14841: 11855 rows
recruitment details 12200/14841: 11955 rows
recruitment details 12300/14841: 12055 rows
recruitment details 12400/14841: 12155 rows
recruitment details 12500/14841: 12255 rows
recruitment details 12600/14841: 12355 rows
recruitment details 12700/14841: 12455 rows
recruitment details 12800/14841: 12555 rows
recruitment details 12900/14841: 12655 rows
recruitment details 13000/14841: 12755 rows
recruitment details 13100/14841: 12855 rows
recruitment details 13200/14841: 12955 rows
recruitment details 13300/14841: 13054 rows
recruitment details 13400/14841: 13154 rows
recruitment details 13500/14841: 13254 rows
recruitment details 13600/14841: 13354 rows
recruitment details 13700/14841: 13454 rows
recruitment details 13800/14841: 13554 rows
recruitment details 13900/14841: 13654 rows
recruitment details 14000/14841: 13752 rows
recruitment details 14100/14841: 13852 rows
recruitment details 14200/14841: 13952 rows
recruitment details 14300/14841: 14052 rows
recruitment details 14400/14841: 14152 rows
recruitment details 14500/14841: 14250 rows
recruitment details 14600/14841: 14349 rows
recruitment details 14700/14841: 14448 rows
recruitment details 14800/14841: 14548 rows
recruitment details 14841/14841: 14589 rows
timeline events 500/17561: 1344 events
timeline events 1000/17561: 2562 events
timeline events 1500/17561: 3681 events
timeline events 2000/17561: 4625 events
timeline events 2500/17561: 5325 events
timeline events 3000/17561: 5799 events
timeline events 3500/17561: 6314 events
timeline events 4000/17561: 7610 events
timeline events 4500/17561: 8813 events
timeline events 5000/17561: 9986 events
timeline events 5500/17561: 11002 events
timeline events 6000/17561: 11748 events
timeline events 6500/17561: 12166 events
timeline events 7000/17561: 12741 events
timeline events 7500/17561: 13907 events
timeline events 8000/17561: 14677 events
timeline events 8500/17561: 14677 events
timeline events 9000/17561: 14677 events
timeline events 9500/17561: 15091 events
timeline events 10000/17561: 15731 events
timeline events 10500/17561: 16011 events
timeline events 11000/17561: 17896 events
timeline events 11500/17561: 19665 events
timeline events 12000/17561: 21366 events
timeline events 12500/17561: 22988 events
timeline events 13000/17561: 24363 events
timeline events 13500/17561: 25564 events
timeline events 14000/17561: 26311 events
timeline events 14500/17561: 27716 events
timeline events 15000/17561: 29539 events
timeline events 15500/17561: 31255 events
timeline events 16000/17561: 32787 events
timeline events 16500/17561: 34165 events
timeline events 17000/17561: 35392 events
timeline events 17500/17561: 36312 events
timeline events 17561/17561: 36381 events
Wrote 36381 timeline events to data/timeline_events.csv
Wrote 17561 joined rows to data/commit_dates.csv
